[19set.2026 22:48:06.823] [main/DEBUG] [net.neoforged.coremod.CoreModScriptingEngine/COREMOD]: Loading CoreMod from C:\Users\pichau\Desktop\outros\Minecraft\meusMods\reliquified_twilight_forest_new_relics_fix\build\libs\reliquified-twilight-forest-new-relics-fix-1.0.4.jar!/coremods/legacy_relics_api.js
[19set.2026 22:48:07.004] [main/DEBUG] [net.neoforged.coremod.CoreModScriptingEngine/COREMOD]: CoreMod loaded successfully
[19set.2026 22:48:07.036] [main/DEBUG] [net.neoforged.coremod.transformer.CoreModBaseTransformer/COREMOD]: Transforming it/hurts/octostudios/reliquified_twilight_forest/client/gui/layer/RedVignetteLayer
[19set.2026 22:48:07.252] [main/INFO] [net.neoforged.coremod.CoreMod.reliquified_twilight_forest_new_relics_fix/COREMODLOG]: Remapped 1.0 legacy Relics references in it/hurts/octostudios/reliquified_twilight_forest/client/gui/layer/RedVignetteLayer
[19set.2026 22:48:07.261] [main/DEBUG] [net.neoforged.coremod.transformer.CoreModBaseTransformer/COREMOD]: Transforming it/hurts/octostudios/reliquified_twilight_forest/handler/BundleLikeEventHandler
[19set.2026 22:48:07.281] [main/INFO] [net.neoforged.coremod.CoreMod.reliquified_twilight_forest_new_relics_fix/COREMODLOG]: Remapped 13.0 legacy Relics references in it/hurts/octostudios/reliquified_twilight_forest/handler/BundleLikeEventHandler
[19set.2026 22:48:07.290] [main/DEBUG] [net.neoforged.coremod.transformer.CoreModBaseTransformer/COREMOD]: Transforming it/hurts/octostudios/reliquified_twilight_forest/item/ability/LichCrownAbilities$CommonEvents
[19set.2026 22:48:07.404] [main/INFO] [net.neoforged.coremod.CoreMod.reliquified_twilight_forest_new_relics_fix/COREMODLOG]: Remapped 6.0 legacy Relics references in it/hurts/octostudios/reliquified_twilight_forest/item/ability/LichCrownAbilities$CommonEvents
[19set.2026 22:48:07.406] [main/DEBUG] [net.neoforged.coremod.transformer.CoreModBaseTransformer/COREMOD]: Transforming it/hurts/octostudios/reliquified_twilight_forest/item/ability/LichCrownAbilities
[19set.2026 22:48:07.481] [main/INFO] [net.neoforged.coremod.CoreMod.reliquified_twilight_forest_new_relics_fix/COREMODLOG]: Remapped 332.0 legacy Relics references in it/hurts/octostudios/reliquified_twilight_forest/item/ability/LichCrownAbilities
[19set.2026 22:48:07.490] [main/DEBUG] [net.neoforged.coremod.transformer.CoreModBaseTransformer/COREMOD]: Transforming it/hurts/octostudios/reliquified_twilight_forest/item/BundleLikeRelicItem
[19set.2026 22:48:07.491] [main/INFO] [net.neoforged.coremod.CoreMod.reliquified_twilight_forest_new_relics_fix/COREMODLOG]: Remapped 1.0 legacy Relics references in it/hurts/octostudios/reliquified_twilight_forest/item/BundleLikeRelicItem
[19set.2026 22:48:07.494] [main/DEBUG] [net.neoforged.coremod.transformer.CoreModBaseTransformer/COREMOD]: Transforming it/hurts/octostudios/reliquified_twilight_forest/item/GemItem
[19set.2026 22:48:07.496] [main/INFO] [net.neoforged.coremod.CoreMod.reliquified_twilight_forest_new_relics_fix/COREMODLOG]: Remapped 1.0 legacy Relics references in it/hurts/octostudios/reliquified_twilight_forest/item/GemItem
[19set.2026 22:48:07.496] [main/DEBUG] [net.neoforged.coremod.transformer.CoreModBaseTransformer/COREMOD]: Transforming it/hurts/octostudios/reliquified_twilight_forest/item/relic/CharmBackpackItem
[19set.2026 22:48:07.504] [main/INFO] [net.neoforged.coremod.CoreMod.reliquified_twilight_forest_new_relics_fix/COREMODLOG]: Remapped 89.0 legacy Relics references in it/hurts/octostudios/reliquified_twilight_forest/item/relic/CharmBackpackItem
[19set.2026 22:48:07.511] [main/DEBUG] [net.neoforged.coremod.transformer.CoreModBaseTransformer/COREMOD]: Transforming it/hurts/octostudios/reliquified_twilight_forest/item/relic/ChromaticCloakItem
[19set.2026 22:48:07.527] [main/INFO] [net.neoforged.coremod.CoreMod.reliquified_twilight_forest_new_relics_fix/COREMODLOG]: Remapped 138.0 legacy Relics references in it/hurts/octostudios/reliquified_twilight_forest/item/relic/ChromaticCloakItem
[19set.2026 22:48:07.530] [main/DEBUG] [net.neoforged.coremod.transformer.CoreModBaseTransformer/COREMOD]: Transforming it/hurts/octostudios/reliquified_twilight_forest/item/relic/CicadaBottleItem
[19set.2026 22:48:07.549] [main/INFO] [net.neoforged.coremod.CoreMod.reliquified_twilight_forest_new_relics_fix/COREMODLOG]: Remapped 114.0 legacy Relics references in it/hurts/octostudios/reliquified_twilight_forest/item/relic/CicadaBottleItem
[19set.2026 22:48:07.553] [main/DEBUG] [net.neoforged.coremod.transformer.CoreModBaseTransformer/COREMOD]: Transforming it/hurts/octostudios/reliquified_twilight_forest/item/relic/DeerAntlerItem
[19set.2026 22:48:07.584] [main/INFO] [net.neoforged.coremod.CoreMod.reliquified_twilight_forest_new_relics_fix/COREMODLOG]: Remapped 123.0 legacy Relics references in it/hurts/octostudios/reliquified_twilight_forest/item/relic/DeerAntlerItem
[19set.2026 22:48:07.589] [main/DEBUG] [net.neoforged.coremod.transformer.CoreModBaseTransformer/COREMOD]: Transforming it/hurts/octostudios/reliquified_twilight_forest/item/relic/FireflyQueenItem
[19set.2026 22:48:07.599] [main/INFO] [net.neoforged.coremod.CoreMod.reliquified_twilight_forest_new_relics_fix/COREMODLOG]: Remapped 124.0 legacy Relics references in it/hurts/octostudios/reliquified_twilight_forest/item/relic/FireflyQueenItem
[19set.2026 22:48:07.602] [main/DEBUG] [net.neoforged.coremod.transformer.CoreModBaseTransformer/COREMOD]: Transforming it/hurts/octostudios/reliquified_twilight_forest/item/relic/GiantGloveItem
[19set.2026 22:48:07.608] [main/INFO] [net.neoforged.coremod.CoreMod.reliquified_twilight_forest_new_relics_fix/COREMODLOG]: Remapped 76.0 legacy Relics references in it/hurts/octostudios/reliquified_twilight_forest/item/relic/GiantGloveItem
[19set.2026 22:48:07.613] [main/DEBUG] [net.neoforged.coremod.transformer.CoreModBaseTransformer/COREMOD]: Transforming it/hurts/octostudios/reliquified_twilight_forest/item/relic/GoblinNoseItem
[19set.2026 22:48:07.631] [main/INFO] [net.neoforged.coremod.CoreMod.reliquified_twilight_forest_new_relics_fix/COREMODLOG]: Remapped 105.0 legacy Relics references in it/hurts/octostudios/reliquified_twilight_forest/item/relic/GoblinNoseItem
[19set.2026 22:48:07.635] [main/DEBUG] [net.neoforged.coremod.transformer.CoreModBaseTransformer/COREMOD]: Transforming it/hurts/octostudios/reliquified_twilight_forest/item/relic/HydraHeartItem
[19set.2026 22:48:07.644] [main/INFO] [net.neoforged.coremod.CoreMod.reliquified_twilight_forest_new_relics_fix/COREMODLOG]: Remapped 138.0 legacy Relics references in it/hurts/octostudios/reliquified_twilight_forest/item/relic/HydraHeartItem
[19set.2026 22:48:07.648] [main/DEBUG] [net.neoforged.coremod.transformer.CoreModBaseTransformer/COREMOD]: Transforming it/hurts/octostudios/reliquified_twilight_forest/item/relic/InvisibilityCloakItem
[19set.2026 22:48:07.658] [main/INFO] [net.neoforged.coremod.CoreMod.reliquified_twilight_forest_new_relics_fix/COREMODLOG]: Remapped 111.0 legacy Relics references in it/hurts/octostudios/reliquified_twilight_forest/item/relic/InvisibilityCloakItem
[19set.2026 22:48:07.661] [main/DEBUG] [net.neoforged.coremod.transformer.CoreModBaseTransformer/COREMOD]: Transforming it/hurts/octostudios/reliquified_twilight_forest/item/relic/LichCrownItem
[19set.2026 22:48:07.703] [main/INFO] [net.neoforged.coremod.CoreMod.reliquified_twilight_forest_new_relics_fix/COREMODLOG]: Remapped 191.0 legacy Relics references in it/hurts/octostudios/reliquified_twilight_forest/item/relic/LichCrownItem
[19set.2026 22:48:07.705] [main/DEBUG] [net.neoforged.coremod.transformer.CoreModBaseTransformer/COREMOD]: Transforming it/hurts/octostudios/reliquified_twilight_forest/item/relic/MapleSyrupBottleItem
[19set.2026 22:48:07.712] [main/INFO] [net.neoforged.coremod.CoreMod.reliquified_twilight_forest_new_relics_fix/COREMODLOG]: Remapped 105.0 legacy Relics references in it/hurts/octostudios/reliquified_twilight_forest/item/relic/MapleSyrupBottleItem
[19set.2026 22:48:07.713] [main/DEBUG] [net.neoforged.coremod.transformer.CoreModBaseTransformer/COREMOD]: Transforming it/hurts/octostudios/reliquified_twilight_forest/item/relic/MinotaurHoofItem
[19set.2026 22:48:07.725] [main/INFO] [net.neoforged.coremod.CoreMod.reliquified_twilight_forest_new_relics_fix/COREMODLOG]: Remapped 133.0 legacy Relics references in it/hurts/octostudios/reliquified_twilight_forest/item/relic/MinotaurHoofItem
[19set.2026 22:48:07.727] [main/DEBUG] [net.neoforged.coremod.transformer.CoreModBaseTransformer/COREMOD]: Transforming it/hurts/octostudios/reliquified_twilight_forest/item/relic/Parasite115Item
[19set.2026 22:48:07.747] [main/INFO] [net.neoforged.coremod.CoreMod.reliquified_twilight_forest_new_relics_fix/COREMODLOG]: Remapped 157.0 legacy Relics references in it/hurts/octostudios/reliquified_twilight_forest/item/relic/Parasite115Item
[19set.2026 22:48:07.749] [main/DEBUG] [net.neoforged.coremod.transformer.CoreModBaseTransformer/COREMOD]: Transforming it/hurts/octostudios/reliquified_twilight_forest/item/relic/Parasite116Item
[19set.2026 22:48:07.755] [main/INFO] [net.neoforged.coremod.CoreMod.reliquified_twilight_forest_new_relics_fix/COREMODLOG]: Remapped 181.0 legacy Relics references in it/hurts/octostudios/reliquified_twilight_forest/item/relic/Parasite116Item
[19set.2026 22:48:07.756] [main/DEBUG] [net.neoforged.coremod.transformer.CoreModBaseTransformer/COREMOD]: Transforming it/hurts/octostudios/reliquified_twilight_forest/item/relic/ScaledCloakItem
[19set.2026 22:48:07.765] [main/INFO] [net.neoforged.coremod.CoreMod.reliquified_twilight_forest_new_relics_fix/COREMODLOG]: Remapped 147.0 legacy Relics references in it/hurts/octostudios/reliquified_twilight_forest/item/relic/ScaledCloakItem
[19set.2026 22:48:07.767] [main/DEBUG] [net.neoforged.coremod.transformer.CoreModBaseTransformer/COREMOD]: Transforming it/hurts/octostudios/reliquified_twilight_forest/item/relic/SteelCapeItem
[19set.2026 22:48:07.775] [main/INFO] [net.neoforged.coremod.CoreMod.reliquified_twilight_forest_new_relics_fix/COREMODLOG]: Remapped 137.0 legacy Relics references in it/hurts/octostudios/reliquified_twilight_forest/item/relic/SteelCapeItem
[19set.2026 22:48:07.776] [main/DEBUG] [net.neoforged.coremod.transformer.CoreModBaseTransformer/COREMOD]: Transforming it/hurts/octostudios/reliquified_twilight_forest/item/relic/ThornCrownItem
[19set.2026 22:48:07.781] [main/INFO] [net.neoforged.coremod.CoreMod.reliquified_twilight_forest_new_relics_fix/COREMODLOG]: Remapped 132.0 legacy Relics references in it/hurts/octostudios/reliquified_twilight_forest/item/relic/ThornCrownItem
[19set.2026 22:48:07.782] [main/DEBUG] [net.neoforged.coremod.transformer.CoreModBaseTransformer/COREMOD]: Transforming it/hurts/octostudios/reliquified_twilight_forest/item/relic/TwilightFeatherItem
[19set.2026 22:48:07.787] [main/INFO] [net.neoforged.coremod.CoreMod.reliquified_twilight_forest_new_relics_fix/COREMODLOG]: Remapped 99.0 legacy Relics references in it/hurts/octostudios/reliquified_twilight_forest/item/relic/TwilightFeatherItem
[19set.2026 22:48:07.788] [main/DEBUG] [net.neoforged.coremod.transformer.CoreModBaseTransformer/COREMOD]: Transforming it/hurts/octostudios/reliquified_twilight_forest/mixin/ChainBlockMixin
[19set.2026 22:48:07.790] [main/INFO] [net.neoforged.coremod.CoreMod.reliquified_twilight_forest_new_relics_fix/COREMODLOG]: Remapped 1.0 legacy Relics references in it/hurts/octostudios/reliquified_twilight_forest/mixin/ChainBlockMixin
[19set.2026 22:48:07.795] [main/DEBUG] [net.neoforged.coremod.transformer.CoreModBaseTransformer/COREMOD]: Transforming it/hurts/octostudios/reliquified_twilight_forest/network/ScaledCloakWallClimbPacket
[19set.2026 22:48:07.801] [main/INFO] [net.neoforged.coremod.CoreMod.reliquified_twilight_forest_new_relics_fix/COREMODLOG]: Remapped 3.0 legacy Relics references in it/hurts/octostudios/reliquified_twilight_forest/network/ScaledCloakWallClimbPacket
